Copyright 1986-2017 Xilinx, Inc. All Rights Reserved.
--------------------------------------------------------------------------------------
| Tool Version : Vivado v.2017.4 (win64) Build 2086221 Fri Dec 15 20:55:39 MST 2017
| Date         : Wed Dec  2 13:23:25 2020
| Host         : DESKTOP-HSQ0OLI running 64-bit major release  (build 9200)
| Command      : report_control_sets -verbose -file Basys3CPU_control_sets_placed.rpt
| Design       : Basys3CPU
| Device       : xc7a35t
--------------------------------------------------------------------------------------

Control Set Information

Table of Contents
-----------------
1. Summary
2. Flip-Flop Distribution
3. Detailed Control Set Information

1. Summary
----------

+----------------------------------------------------------+-------+
|                          Status                          | Count |
+----------------------------------------------------------+-------+
| Number of unique control sets                            |    56 |
| Unused register locations in slices containing registers |    38 |
+----------------------------------------------------------+-------+


2. Flip-Flop Distribution
-------------------------

+--------------+-----------------------+------------------------+-----------------+--------------+
| Clock Enable | Synchronous Set/Reset | Asynchronous Set/Reset | Total Registers | Total Slices |
+--------------+-----------------------+------------------------+-----------------+--------------+
| No           | No                    | No                     |             104 |           60 |
| No           | No                    | Yes                    |               0 |            0 |
| No           | Yes                   | No                     |              26 |            7 |
| Yes          | No                    | No                     |             384 |          243 |
| Yes          | No                    | Yes                    |               0 |            0 |
| Yes          | Yes                   | No                     |               0 |            0 |
+--------------+-----------------------+------------------------+-----------------+--------------+


3. Detailed Control Set Information
-----------------------------------

+-------------------------------------------+----------------------------------------+--------------------+------------------+----------------+
|                Clock Signal               |              Enable Signal             |  Set/Reset Signal  | Slice Load Count | Bel Load Count |
+-------------------------------------------+----------------------------------------+--------------------+------------------+----------------+
|  usmg/uclkDiv/CLK                         |                                        |                    |                1 |              2 |
|  uCPUTOP/uControlUnit/currentPC_reg[0][0] |                                        |                    |                1 |              4 |
|  basys3Clk_IBUF_BUFG                      | uCPUTOP/uALU/memoryRAM_reg[45][7][0]   |                    |                7 |              8 |
|  basys3Clk_IBUF_BUFG                      | uCPUTOP/uALU/memoryRAM_reg[44][7]_0[0] |                    |                5 |              8 |
|  basys3Clk_IBUF_BUFG                      | uCPUTOP/uControlUnit/E[0]              |                    |                4 |              8 |
|  basys3Clk_IBUF_BUFG                      | uCPUTOP/uALU/E[0]                      |                    |                5 |              8 |
|  basys3Clk_IBUF_BUFG                      | uCPUTOP/uALU/memoryRAM_reg[10][7][0]   |                    |                5 |              8 |
|  basys3Clk_IBUF_BUFG                      | uCPUTOP/uALU/memoryRAM_reg[12][7][0]   |                    |                4 |              8 |
|  basys3Clk_IBUF_BUFG                      | uCPUTOP/uALU/memoryRAM_reg[11][7][0]   |                    |                3 |              8 |
|  basys3Clk_IBUF_BUFG                      | uCPUTOP/uALU/memoryRAM_reg[13][7][0]   |                    |                7 |              8 |
|  basys3Clk_IBUF_BUFG                      | uCPUTOP/uALU/memoryRAM_reg[14][7][0]   |                    |                6 |              8 |
|  basys3Clk_IBUF_BUFG                      | uCPUTOP/uALU/memoryRAM_reg[15][7][0]   |                    |                4 |              8 |
|  basys3Clk_IBUF_BUFG                      | uCPUTOP/uALU/memoryRAM_reg[16][7][0]   |                    |                4 |              8 |
|  basys3Clk_IBUF_BUFG                      | uCPUTOP/uALU/memoryRAM_reg[0][7][0]    |                    |                5 |              8 |
|  basys3Clk_IBUF_BUFG                      | uCPUTOP/uALU/memoryRAM_reg[17][7][0]   |                    |                8 |              8 |
|  basys3Clk_IBUF_BUFG                      | uCPUTOP/uALU/memoryRAM_reg[25][7]_0[0] |                    |                6 |              8 |
|  basys3Clk_IBUF_BUFG                      | uCPUTOP/uALU/memoryRAM_reg[19][7]_0[0] |                    |                3 |              8 |
|  basys3Clk_IBUF_BUFG                      | uCPUTOP/uALU/memoryRAM_reg[28][7][0]   |                    |                4 |              8 |
|  basys3Clk_IBUF_BUFG                      | uCPUTOP/uALU/memoryRAM_reg[32][7]_0[0] |                    |                6 |              8 |
|  basys3Clk_IBUF_BUFG                      | uCPUTOP/uALU/memoryRAM_reg[23][7][0]   |                    |                5 |              8 |
|  basys3Clk_IBUF_BUFG                      | uCPUTOP/uALU/memoryRAM_reg[18][7][0]   |                    |                7 |              8 |
|  basys3Clk_IBUF_BUFG                      | uCPUTOP/uALU/memoryRAM_reg[26][7][0]   |                    |                3 |              8 |
|  basys3Clk_IBUF_BUFG                      | uCPUTOP/uALU/memoryRAM_reg[29][7][0]   |                    |                8 |              8 |
|  basys3Clk_IBUF_BUFG                      | uCPUTOP/uALU/memoryRAM_reg[33][7][0]   |                    |                5 |              8 |
|  basys3Clk_IBUF_BUFG                      | uCPUTOP/uALU/memoryRAM_reg[22][7][0]   |                    |                7 |              8 |
|  basys3Clk_IBUF_BUFG                      | uCPUTOP/uALU/memoryRAM_reg[1][7]_0[0]  |                    |                5 |              8 |
|  basys3Clk_IBUF_BUFG                      | uCPUTOP/uALU/memoryRAM_reg[2][7]_0[0]  |                    |                6 |              8 |
|  basys3Clk_IBUF_BUFG                      | uCPUTOP/uALU/memoryRAM_reg[30][7][0]   |                    |                6 |              8 |
|  basys3Clk_IBUF_BUFG                      | uCPUTOP/uALU/memoryRAM_reg[24][7][0]   |                    |                3 |              8 |
|  basys3Clk_IBUF_BUFG                      | uCPUTOP/uALU/memoryRAM_reg[31][0][0]   |                    |                2 |              8 |
|  basys3Clk_IBUF_BUFG                      | uCPUTOP/uALU/memoryRAM_reg[20][7][0]   |                    |                3 |              8 |
|  basys3Clk_IBUF_BUFG                      | uCPUTOP/uALU/memoryRAM_reg[21][7][0]   |                    |                6 |              8 |
|  basys3Clk_IBUF_BUFG                      | uCPUTOP/uALU/memoryRAM_reg[41][7][0]   |                    |                5 |              8 |
|  basys3Clk_IBUF_BUFG                      | uCPUTOP/uALU/memoryRAM_reg[36][7]_0[0] |                    |                4 |              8 |
|  basys3Clk_IBUF_BUFG                      | uCPUTOP/uALU/memoryRAM_reg[38][7][0]   |                    |                6 |              8 |
|  basys3Clk_IBUF_BUFG                      | uCPUTOP/uALU/memoryRAM_reg[40][7]_0[0] |                    |                4 |              8 |
|  basys3Clk_IBUF_BUFG                      | uCPUTOP/uALU/memoryRAM_reg[42][7][0]   |                    |                5 |              8 |
|  basys3Clk_IBUF_BUFG                      | uCPUTOP/uALU/memoryRAM_reg[43][7][0]   |                    |                7 |              8 |
|  basys3Clk_IBUF_BUFG                      | uCPUTOP/uALU/memoryRAM_reg[39][0][0]   |                    |                7 |              8 |
|  basys3Clk_IBUF_BUFG                      | uCPUTOP/uALU/memoryRAM_reg[37][7][0]   |                    |                7 |              8 |
|  basys3Clk_IBUF_BUFG                      | uCPUTOP/uALU/memoryRAM_reg[34][7][0]   |                    |                3 |              8 |
|  basys3Clk_IBUF_BUFG                      | uCPUTOP/uALU/memoryRAM_reg[35][0][0]   |                    |                6 |              8 |
|  basys3Clk_IBUF_BUFG                      | uCPUTOP/uALU/memoryRAM_reg[8][7][0]    |                    |                5 |              8 |
|  basys3Clk_IBUF_BUFG                      | uCPUTOP/uALU/memoryRAM_reg[5][7][0]    |                    |                8 |              8 |
|  basys3Clk_IBUF_BUFG                      | uCPUTOP/uALU/memoryRAM_reg[9][7][0]    |                    |                5 |              8 |
|  basys3Clk_IBUF_BUFG                      | uCPUTOP/uALU/memoryRAM_reg[7][7][0]    |                    |                3 |              8 |
|  basys3Clk_IBUF_BUFG                      | uCPUTOP/uALU/memoryRAM_reg[4][7][0]    |                    |                3 |              8 |
|  basys3Clk_IBUF_BUFG                      | uCPUTOP/uALU/memoryRAM_reg[6][7][0]    |                    |                6 |              8 |
|  basys3Clk_IBUF_BUFG                      | uCPUTOP/uALU/memoryRAM_reg[47][7][0]   |                    |                3 |              8 |
|  basys3Clk_IBUF_BUFG                      | uCPUTOP/uALU/memoryRAM_reg[46][7][0]   |                    |                4 |              8 |
|  uCPUTOP/uPC/memoryRAM_reg[3][0]_1        |                                        |                    |                5 |             10 |
|  clk_IBUF_BUFG                            |                                        |                    |               11 |             19 |
|  basys3Clk_IBUF_BUFG                      |                                        | usmg/uclkDiv/clear |                7 |             26 |
|  basys3Clk_IBUF_BUFG                      |                                        |                    |               13 |             33 |
|  n_0_1447_BUFG                            |                                        |                    |               29 |             36 |
|  basys3Clk_IBUF_BUFG                      | uCPUTOP/uControlUnit/p_0_in            |                    |               12 |             96 |
+-------------------------------------------+----------------------------------------+--------------------+------------------+----------------+


+--------+-----------------------+
| Fanout | Number of ControlSets |
+--------+-----------------------+
| 2      |                     1 |
| 4      |                     1 |
| 8      |                    48 |
| 10     |                     1 |
| 16+    |                     5 |
+--------+-----------------------+


